[texttools.org/random-email-generator.html]
[backblue.gif]
[fade.gif]
[index.html]
[texttools.org/img/favicon.ico]
[texttools.org/css/style3860.css]
[fonts.googleapis.com/index.html]
[texttools.org/settings.html]
[texttools.org/index.html]
[texttools.org/updates.html]
[texttools.org/contact.html]
[texttools.org/privacy.html]
[texttools.org/sitemap.xml]
[texttools.org/js/site3860.js]
[texttools.org/js/lib/jquery3860.js]
[texttools.org/js/lib/dictionaries/firstnames3860.js]
[texttools.org/js/lib/dictionaries/surnames3860.js]
[texttools.org/js/random-email-generator3860.js]
[pagead2.googlesyndication.com/pagead/js/f.txt]
[texttools.org/random-email-generator.html]
[fonts.googleapis.com/index.html]
[fonts.gstatic.com/index.html]
[fonts.googleapis.com/css2ff80.css]
[texttools.org/sort-text.html]
[texttools.org/convert-case.html]
[texttools.org/find-and-replace.html]
[texttools.org/reverse-list.html]
[texttools.org/difference-checker.html]
[texttools.org/word-count.html]
[texttools.org/add-prefix-suffix.html]
[texttools.org/add-line-breaks.html]
[texttools.org/remove-line-breaks.html]
[texttools.org/concatenate-text.html]
[texttools.org/split-text.html]
[texttools.org/extract-column.html]
[texttools.org/swap-columns.html]
[texttools.org/reverse-words.html]
[texttools.org/reverse-letters.html]
[texttools.org/remove-extra-spaces.html]
[texttools.org/remove-duplicate-lines.html]
[texttools.org/remove-empty-lines.html]
[texttools.org/remove-letter-accents.html]
[texttools.org/remove-unwanted-characters.html]
[texttools.org/remove-lines-containing.html]
[texttools.org/remove-emojis.html]
[texttools.org/strip-html-tags.html]
[texttools.org/add-line-numbers.html]
[texttools.org/add-commas-to-numbers.html]
[texttools.org/replace-smart-straight-quotes.html]
[texttools.org/tabs-to-spaces.html]
[texttools.org/spaces-to-tabs.html]
[texttools.org/pad-text.html]
[texttools.org/word-wrap.html]
[texttools.org/justify-text.html]
[texttools.org/center-text.html]
[texttools.org/upside-down-text.html]
[texttools.org/bold-text-generator.html]
[texttools.org/italic-text-generator.html]
[texttools.org/old-english-text-generator.html]
[texttools.org/cursive-text-generator.html]
[texttools.org/normalize-unicode-text.html]
[texttools.org/html-encode-decode.html]
[texttools.org/url-encode-decode.html]
[texttools.org/html-escape-unescape.html]
[texttools.org/unique-username-generator.html]
[texttools.org/password-generator.html]
[texttools.org/pronounceable-password-generator.html]
[texttools.org/random-string-generator.html]
[texttools.org/random-word-generator.html]
[texttools.org/filler-text.html]
[texttools.org/random-number-generator.html]
[texttools.org/email-extractor.html]
[texttools.org/index.html]
[texttools.org/url-extractor.html]
[texttools.org/js/settings3860.js]
[texttools.org/settings.html]
[texttools.org/feedback.html]
[texttools.org/updates.html]
[texttools.org/contact.html]
[texttools.org/privacy.html]
[texttools.org/normalize-Unicode-text-2.html]
[texttools.org/js/lib/naturalSort3860.js]
[texttools.org/sort-text.html]
[texttools.org/js/sort-text3860.js]
[texttools.org/js/convert-case3860.js]
[texttools.org/convert-case.html]
[texttools.org/find-and-replace.html]
[texttools.org/js/find-and-replace3860.js]
[texttools.org/reverse-list.html]
[texttools.org/js/reverse-list3860.js]
[texttools.org/js/lib/diffview.css]
[texttools.org/js/lib/diffview3860.js]
[texttools.org/js/lib/difflib3860.js]
[texttools.org/difference-checker.html]
[texttools.org/js/difference-checker3860.js]
[texttools.org/js/word-count3860.js]
[texttools.org/word-count.html]
[texttools.org/js/add-prefix-suffix3860.js]
[texttools.org/add-prefix-suffix.html]
[texttools.org/add-line-breaks.html]
[texttools.org/js/add-line-breaks3860.js]
[texttools.org/remove-line-breaks.html]
[texttools.org/js/remove-line-breaks3860.js]
[texttools.org/concatenate-text.html]
[texttools.org/js/concatenate-text3860.js]
[texttools.org/js/split-text3860.js]
[texttools.org/split-text.html]
[texttools.org/extract-column.html]
[texttools.org/js/extract-column3860.js]
[texttools.org/swap-columns.html]
[texttools.org/js/swap-columns3860.js]
[texttools.org/js/reverse-words3860.js]
[texttools.org/reverse-words.html]
[texttools.org/reverse-letters.html]
[texttools.org/js/reverse-letters3860.js]
[texttools.org/js/remove-extra-spaces3860.js]
[texttools.org/remove-extra-spaces.html]
[texttools.org/remove-spaces.html]
[texttools.org/js/remove-duplicate-lines3860.js]
[texttools.org/remove-duplicate-lines.html]
[texttools.org/js/remove-empty-lines3860.js]
[texttools.org/remove-empty-lines.html]
[texttools.org/js/remove-letter-accents3860.js]
[texttools.org/remove-letter-accents.html]
[texttools.org/remove-unwanted-characters.html]
[texttools.org/js/remove-unwanted-characters3860.js]
[texttools.org/js/remove-lines-containing3860.js]
[texttools.org/remove-lines-containing.html]
[texttools.org/js/remove-emojis3860.js]
[texttools.org/remove-emojis.html]
[texttools.org/js/strip-html-tags3860.js]
[texttools.org/strip-html-tags.html]
[texttools.org/js/add-line-numbers3860.js]
[texttools.org/add-line-numbers.html]
[texttools.org/add-commas-to-numbers.html]
[texttools.org/js/add-commas-to-numbers3860.js]
[texttools.org/js/replace-smart-straight-quotes3860.js]
[texttools.org/replace-smart-straight-quotes.html]
[texttools.org/js/tabs-to-spaces3860.js]
[texttools.org/tabs-to-spaces.html]
[texttools.org/spaces-to-tabs.html]
[texttools.org/js/spaces-to-tabs3860.js]
[texttools.org/pad-text.html]
[texttools.org/js/pad-text3860.js]
[texttools.org/word-wrap.html]
[texttools.org/js/word-wrap3860.js]
[texttools.org/js/lib/justified3860.js]
[texttools.org/justify-text.html]
[texttools.org/js/justify-text3860.js]
[texttools.org/js/center-text3860.js]
[texttools.org/center-text.html]
[texttools.org/upside-down-text.html]
[texttools.org/js/upside-down-text3860.js]
[texttools.org/bold-text-generator.html]
[texttools.org/js/bold-text-generator3860.js]
[texttools.org/js/italic-text-generator3860.js]
[texttools.org/italic-text-generator.html]
[texttools.org/js/old-english-text-generator3860.js]
[texttools.org/old-english-text-generator.html]
[texttools.org/cursive-text-generator.html]
[texttools.org/js/cursive-text-generator3860.js]
[texttools.org/js/normalize-unicode-text3860.js]
[texttools.org/normalize-unicode-text.html]
[texttools.org/js/lib/html-entities3860.js]
[texttools.org/js/html-encode-decode3860.js]
[texttools.org/html-encode-decode.html]
[texttools.org/js/url-encode-decode3860.js]
[texttools.org/url-encode-decode.html]
[texttools.org/html-escape-unescape.html]
[texttools.org/js/html-escape-unescape3860.js]
[texttools.org/js/lib/dictionaries/nouns-common3860.js]
[texttools.org/js/lib/dictionaries/verbs-common3860.js]
[texttools.org/js/lib/dictionaries/adjectives-common3860.js]
[texttools.org/js/unique-username-generator3860.js]
[texttools.org/unique-username-generator.html]
[texttools.org/cdn-cgi/l/email-protection.html]
[texttools.org/cdn-cgi/scripts/5c5dd728/cloudflare-static/email-decode.min.js]
[texttools.org/js/password-generator3860.js]
[texttools.org/password-generator.html]
[texttools.org/js/pronounceable-password-generator3860.js]
[texttools.org/pronounceable-password-generator.html]
[texttools.org/js/random-string-generator3860.js]
[texttools.org/random-string-generator.html]
[texttools.org/js/lib/dictionaries/words-small3860.js]
[texttools.org/js/random-word-generator3860.js]
[texttools.org/random-word-generator.html]
[texttools.org/js/filler-text3860.js]
[texttools.org/filler-text.html]
[texttools.org/js/random-number-generator3860.js]
[texttools.org/random-number-generator.html]
[texttools.org/email-extractor.html]
[texttools.org/js/email-extractor3860.js]
[texttools.org/url-extractor.html]
[texttools.org/feedback.html]
[texttools.org/normalize-Unicode-text-2.html]
[fonts.googleapis.com/css2ff86.css]
[texttools.org/remove-spaces.html]
[texttools.org/cdn-cgi/l/email-protection.html]
[texttools.org/js/url-extractor3860.js]
[texttools.org/sitemap.xml]
[pagead2.googlesyndication.com/pagead/js/f.txt]
[texttools.org/img/select.svg]
[texttools.org/css/fonts/icons7299.ttf]
[texttools.org/css/fonts/icons7299.woff]
[texttools.org/css/fonts/icons7299.svg]
[texttools.org/img/select-alt.svg]
[texttools.org/css/style3860.css]
[texttools.org/sort-text.html]
[texttools.org/feedback.html]
[texttools.org/js/lib/diffview.css]
[texttools.org/remove-spaces.html]
[texttools.org/cdn-cgi/scripts/5c5dd728/cloudflare-static/email-decode.min.js]
[texttools.org/img/select.svg]
[texttools.org/css/fonts/icons7299.svg]
[texttools.org/img/select-alt.svg]
